<?xml version="1.0" encoding="UTF-8"?>
<TestRun id="3c33c417-0900-47f7-b0fa-2d77f6b1ac0c" name="ahans@DLUDOTNETLAB11 2014-03-28 16:35:51" runUser="SAPIENT\ahans" xmlns="http://microsoft.com/schemas/VisualStudio/TeamTest/2010">
  <TestSettings name="Local" id="1d8e7d6a-b1d4-4bee-bb22-b457cd09af5e">
    <Description>These are default test settings for a local test run.</Description>
    <Deployment enabled="false" runDeploymentRoot="ahans_DLUDOTNETLAB11 2014-03-28 16_35_51">
      <DeploymentItem filename="C:\Users\ahans\Desktop\DataAccessLayer\DataAccessLayer\bin\Debug\DataAccessLayer.dll" />
    </Deployment>
    <Execution>
      <TestTypeSpecific />
      <AgentRule name="Execution Agents">
      </AgentRule>
    </Execution>
  </TestSettings>
  <Times creation="2014-03-28T16:35:51.6310598+05:30" queuing="2014-03-28T16:35:51.7730740+05:30" start="2014-03-28T16:35:51.8090776+05:30" finish="2014-03-28T16:35:52.1871154+05:30" />
  <ResultSummary outcome="Completed">
    <Counters total="1" executed="1" passed="1" error="0" failed="0" timeout="0" aborted="0" inconclusive="0" passedButRunAborted="0" notRunnable="0" notExecuted="0" disconnected="0" warning="0" completed="0" inProgress="0" pending="0" />
  </ResultSummary>
  <TestDefinitions>
    <UnitTest name="GetSecurityByIDTest1" storage="c:\users\ahans\desktop\dataaccesslayer\testportfolio\bin\debug\testportfolio.dll" id="9145a8be-55cd-317a-129a-99efc6b0b8d9">
      <Execution id="d493b1f9-a29f-41b5-868e-6fb441e53701" />
      <TestMethod codeBase="C:/Users/ahans/Desktop/DataAccessLayer/TestPortfolio/bin/Debug/TestPortfolio.DLL" adapterTypeName="Microsoft.VisualStudio.TestTools.TestTypes.Unit.UnitTestAdapter, Microsoft.VisualStudio.QualityTools.Tips.UnitTest.Adapter, Version=10.0.0.0, Culture=neutral, PublicKeyToken=b03f5f7f11d50a3a" className="TestPortfolio.PortfolioDALTest, TestPortfolio, Version=1.0.0.0, Culture=neutral, PublicKeyToken=null" name="GetSecurityByIDTest1" />
    </UnitTest>
  </TestDefinitions>
  <TestLists>
    <TestList name="Results Not in a List" id="8c84fa94-04c1-424b-9868-57a2d4851a1d" />
    <TestList name="All Loaded Results" id="19431567-8539-422a-85d7-44ee4e166bda" />
  </TestLists>
  <TestEntries>
    <TestEntry testId="9145a8be-55cd-317a-129a-99efc6b0b8d9" executionId="d493b1f9-a29f-41b5-868e-6fb441e53701" testListId="8c84fa94-04c1-424b-9868-57a2d4851a1d" />
  </TestEntries>
  <Results>
    <UnitTestResult executionId="d493b1f9-a29f-41b5-868e-6fb441e53701" testId="9145a8be-55cd-317a-129a-99efc6b0b8d9" testName="GetSecurityByIDTest1" computerName="DLUDOTNETLAB11" duration="00:00:00.1571560" startTime="2014-03-28T16:35:51.8090776+05:30" endTime="2014-03-28T16:35:52.1701137+05:30" testType="13cdc9d9-ddb5-4fa4-a97d-d965ccfc6d4b" outcome="Passed" testListId="8c84fa94-04c1-424b-9868-57a2d4851a1d" relativeResultsDirectory="d493b1f9-a29f-41b5-868e-6fb441e53701">
    </UnitTestResult>
  </Results>
</TestRun>